2026-06-09 14:58:07,775 - INFO - Searching PubMed for: "Spinal Muscular Atrophy"[Title/Abstract]
2026-06-09 14:58:10,214 - INFO - Found 5000 PMIDs.

Fetching pubmed batches:   0%|          | 0/25 [00:00<?, ?it/s]
Fetching pubmed batches:   4%|▍         | 1/25 [00:08<03:35,  8.97s/it]
Fetching pubmed batches:   8%|▊         | 2/25 [00:14<02:46,  7.24s/it]
Fetching pubmed batches:  12%|█▏        | 3/25 [00:21<02:33,  6.98s/it]
Fetching pubmed batches:  16%|█▌        | 4/25 [00:29<02:31,  7.20s/it]
Fetching pubmed batches:  20%|██        | 5/25 [00:39<02:44,  8.22s/it]
Fetching pubmed batches:  24%|██▍       | 6/25 [00:45<02:26,  7.69s/it]
Fetching pubmed batches:  28%|██▊       | 7/25 [00:52<02:12,  7.34s/it]
Fetching pubmed batches:  32%|███▏      | 8/25 [00:58<01:56,  6.86s/it]
Fetching pubmed batches:  36%|███▌      | 9/25 [01:24<03:28, 13.01s/it]
Fetching pubmed batches:  40%|████      | 10/25 [01:33<02:54, 11.63s/it]
Fetching pubmed batches:  44%|████▍     | 11/25 [01:47<02:54, 12.49s/it]
Fetching pubmed batches:  48%|████▊     | 12/25 [01:53<02:14, 10.32s/it]
Fetching pubmed batches:  52%|█████▏    | 13/25 [01:57<01:40,  8.40s/it]
Fetching pubmed batches:  56%|█████▌    | 14/25 [02:01<01:19,  7.23s/it]
Fetching pubmed batches:  60%|██████    | 15/25 [02:12<01:24,  8.42s/it]
Fetching pubmed batches:  64%|██████▍   | 16/25 [02:17<01:04,  7.19s/it]
Fetching pubmed batches:  68%|██████▊   | 17/25 [02:20<00:47,  5.98s/it]
Fetching pubmed batches:  72%|███████▏  | 18/25 [02:23<00:35,  5.06s/it]
Fetching pubmed batches:  76%|███████▌  | 19/25 [02:26<00:26,  4.46s/it]
Fetching pubmed batches:  80%|████████  | 20/25 [02:29<00:20,  4.11s/it]
Fetching pubmed batches:  84%|████████▍ | 21/25 [02:32<00:15,  3.77s/it]
Fetching pubmed batches:  88%|████████▊ | 22/25 [02:35<00:10,  3.52s/it]
Fetching pubmed batches:  92%|█████████▏| 23/25 [02:47<00:12,  6.05s/it]
Fetching pubmed batches:  96%|█████████▌| 24/25 [03:20<00:14, 14.17s/it]
Fetching pubmed batches: 100%|██████████| 25/25 [03:31<00:00, 13.26s/it]
Fetching pubmed batches: 100%|██████████| 25/25 [03:31<00:00,  8.47s/it]
2026-06-09 15:01:42,008 - INFO - Finished extracting abstracts. Saved to artifacts\runs\stage1_data_acquisition_full_2026-06-09\outputs\data\raw\pubmed_sma_abstracts.jsonl
